Archive member included because of file (symbol)

c:/program files (x86)/atmel/atmel studio 6.0/extensions/atmel/avrgcc/3.4.0.65/avrtoolchain/bin/../lib/gcc/avr/4.6.2/avr4\libgcc.a(_divmodhi4.o)
                              drive.o (__divmodhi4)
c:/program files (x86)/atmel/atmel studio 6.0/extensions/atmel/avrgcc/3.4.0.65/avrtoolchain/bin/../lib/gcc/avr/4.6.2/avr4\libgcc.a(_exit.o)
                              c:/program files (x86)/atmel/atmel studio 6.0/extensions/atmel/avrgcc/3.4.0.65/avrtoolchain/bin/../lib/gcc/avr/4.6.2/../../../../avr/lib/avr4/crtm8.o (exit)
c:/program files (x86)/atmel/atmel studio 6.0/extensions/atmel/avrgcc/3.4.0.65/avrtoolchain/bin/../lib/gcc/avr/4.6.2/avr4\libgcc.a(_copy_data.o)
                              adc.o (__do_copy_data)
c:/program files (x86)/atmel/atmel studio 6.0/extensions/atmel/avrgcc/3.4.0.65/avrtoolchain/bin/../lib/gcc/avr/4.6.2/avr4\libgcc.a(_clear_bss.o)
                              adc.o (__do_clear_bss)
c:/program files (x86)/atmel/atmel studio 6.0/extensions/atmel/avrgcc/3.4.0.65/avrtoolchain/bin/../lib/gcc/avr/4.6.2/avr4\libgcc.a(_udivmodhi4.o)
                              c:/program files (x86)/atmel/atmel studio 6.0/extensions/atmel/avrgcc/3.4.0.65/avrtoolchain/bin/../lib/gcc/avr/4.6.2/avr4\libgcc.a(_divmodhi4.o) (__udivmodhi4)

Memory Configuration

Name             Origin             Length             Attributes
text             0x00000000         0x00002000         xr
data             0x00800060         0x0000ffa0         rw !x
eeprom           0x00810000         0x00010000         rw !x
fuse             0x00820000         0x00000400         rw !x
lock             0x00830000         0x00000400         rw !x
signature        0x00840000         0x00000400         rw !x
*default*        0x00000000         0xffffffff

Linker script and memory map

LOAD c:/program files (x86)/atmel/atmel studio 6.0/extensions/atmel/avrgcc/3.4.0.65/avrtoolchain/bin/../lib/gcc/avr/4.6.2/../../../../avr/lib/avr4/crtm8.o
LOAD adc.o
LOAD but.o
LOAD drive.o
LOAD lamp.o
LOAD NetDriver_rs4850.o
LOAD sensors.o
LOAD timers.o
LOAD zatvor.o
START GROUP
LOAD c:/program files (x86)/atmel/atmel studio 6.0/extensions/atmel/avrgcc/3.4.0.65/avrtoolchain/bin/../lib/gcc/avr/4.6.2/../../../../avr/lib/avr4\libm.a
END GROUP
LOAD c:/program files (x86)/atmel/atmel studio 6.0/extensions/atmel/avrgcc/3.4.0.65/avrtoolchain/bin/../lib/gcc/avr/4.6.2/avr4\libgcc.a
LOAD c:/program files (x86)/atmel/atmel studio 6.0/extensions/atmel/avrgcc/3.4.0.65/avrtoolchain/bin/../lib/gcc/avr/4.6.2/../../../../avr/lib/avr4\libm.a
LOAD c:/program files (x86)/atmel/atmel studio 6.0/extensions/atmel/avrgcc/3.4.0.65/avrtoolchain/bin/../lib/gcc/avr/4.6.2/avr4\libgcc.a
LOAD c:/program files (x86)/atmel/atmel studio 6.0/extensions/atmel/avrgcc/3.4.0.65/avrtoolchain/bin/../lib/gcc/avr/4.6.2/../../../../avr/lib/avr4\libc.a
LOAD c:/program files (x86)/atmel/atmel studio 6.0/extensions/atmel/avrgcc/3.4.0.65/avrtoolchain/bin/../lib/gcc/avr/4.6.2/avr4\libgcc.a

.hash
 *(.hash)

.dynsym
 *(.dynsym)

.dynstr
 *(.dynstr)

.gnu.version
 *(.gnu.version)

.gnu.version_d
 *(.gnu.version_d)

.gnu.version_r
 *(.gnu.version_r)

.rel.init
 *(.rel.init)

.rela.init
 *(.rela.init)

.rel.text
 *(.rel.text)
 *(.rel.text.*)
 *(.rel.gnu.linkonce.t*)

.rela.text
 *(.rela.text)
 *(.rela.text.*)
 *(.rela.gnu.linkonce.t*)

.rel.fini
 *(.rel.fini)

.rela.fini
 *(.rela.fini)

.rel.rodata
 *(.rel.rodata)
 *(.rel.rodata.*)
 *(.rel.gnu.linkonce.r*)

.rela.rodata
 *(.rela.rodata)
 *(.rela.rodata.*)
 *(.rela.gnu.linkonce.r*)

.rel.data
 *(.rel.data)
 *(.rel.data.*)
 *(.rel.gnu.linkonce.d*)

.rela.data
 *(.rela.data)
 *(.rela.data.*)
 *(.rela.gnu.linkonce.d*)

.rel.ctors
 *(.rel.ctors)

.rela.ctors
 *(.rela.ctors)

.rel.dtors
 *(.rel.dtors)

.rela.dtors
 *(.rela.dtors)

.rel.got
 *(.rel.got)

.rela.got
 *(.rela.got)

.rel.bss
 *(.rel.bss)

.rela.bss
 *(.rela.bss)

.rel.plt
 *(.rel.plt)

.rela.plt
 *(.rela.plt)

.text           0x00000000     0x1330
 *(.vectors)
 .vectors       0x00000000       0x26 c:/program files (x86)/atmel/atmel studio 6.0/extensions/atmel/avrgcc/3.4.0.65/avrtoolchain/bin/../lib/gcc/avr/4.6.2/../../../../avr/lib/avr4/crtm8.o
                0x00000000                __vector_default
                0x00000000                __vectors
 *(.vectors)
 *(.progmem.gcc*)
 .progmem.gcc_sw_table
                0x00000026       0x10 drive.o
 *(.progmem*)
                0x00000036                . = ALIGN (0x2)
                0x00000036                __trampolines_start = .
 *(.trampolines)
 .trampolines   0x00000036        0x0 linker stubs
 *(.trampolines*)
                0x00000036                __trampolines_end = .
 *(.jumptables)
 *(.jumptables*)
 *(.lowtext)
 *(.lowtext*)
                0x00000036                __ctors_start = .
 *(.ctors)
                0x00000036                __ctors_end = .
                0x00000036                __dtors_start = .
 *(.dtors)
                0x00000036                __dtors_end = .
 SORT(*)(.ctors)
 SORT(*)(.dtors)
 *(.init0)
 .init0         0x00000036        0x0 c:/program files (x86)/atmel/atmel studio 6.0/extensions/atmel/avrgcc/3.4.0.65/avrtoolchain/bin/../lib/gcc/avr/4.6.2/../../../../avr/lib/avr4/crtm8.o
                0x00000036                __init
 *(.init0)
 *(.init1)
 *(.init1)
 *(.init2)
 .init2         0x00000036        0xc c:/program files (x86)/atmel/atmel studio 6.0/extensions/atmel/avrgcc/3.4.0.65/avrtoolchain/bin/../lib/gcc/avr/4.6.2/../../../../avr/lib/avr4/crtm8.o
 *(.init2)
 *(.init3)
 *(.init3)
 *(.init4)
 .init4         0x00000042       0x16 c:/program files (x86)/atmel/atmel studio 6.0/extensions/atmel/avrgcc/3.4.0.65/avrtoolchain/bin/../lib/gcc/avr/4.6.2/avr4\libgcc.a(_copy_data.o)
                0x00000042                __do_copy_data
 .init4         0x00000058       0x10 c:/program files (x86)/atmel/atmel studio 6.0/extensions/atmel/avrgcc/3.4.0.65/avrtoolchain/bin/../lib/gcc/avr/4.6.2/avr4\libgcc.a(_clear_bss.o)
                0x00000058                __do_clear_bss
 *(.init4)
 *(.init5)
 *(.init5)
 *(.init6)
 *(.init6)
 *(.init7)
 *(.init7)
 *(.init8)
 *(.init8)
 *(.init9)
 .init9         0x00000068        0x4 c:/program files (x86)/atmel/atmel studio 6.0/extensions/atmel/avrgcc/3.4.0.65/avrtoolchain/bin/../lib/gcc/avr/4.6.2/../../../../avr/lib/avr4/crtm8.o
 *(.init9)
 *(.text)
 .text          0x0000006c        0x2 c:/program files (x86)/atmel/atmel studio 6.0/extensions/atmel/avrgcc/3.4.0.65/avrtoolchain/bin/../lib/gcc/avr/4.6.2/../../../../avr/lib/avr4/crtm8.o
                0x0000006c                __vector_1
                0x0000006c                __vector_12
                0x0000006c                __bad_interrupt
                0x0000006c                __vector_6
                0x0000006c                __vector_11
                0x0000006c                __vector_13
                0x0000006c                __vector_17
                0x0000006c                __vector_7
                0x0000006c                __vector_5
                0x0000006c                __vector_4
                0x0000006c                __vector_9
                0x0000006c                __vector_2
                0x0000006c                __vector_15
                0x0000006c                __vector_8
                0x0000006c                __vector_10
                0x0000006c                __vector_16
                0x0000006c                __vector_18
 .text          0x0000006e      0x11e adc.o
                0x0000006e                InitADC()
                0x000000cc                ADCExec()
                0x0000010a                ADCTime()
                0x0000010e                RegChannel(void (*)(), unsigned char)
                0x00000132                __vector_14
 .text          0x0000018c      0x212 but.o
                0x0000018c                ButtonsTimeFunc()
                0x0000033c                InitButtons()
 .text          0x0000039e      0x3ce drive.o
                0x0000039e                DriveTimeFunc()
                0x0000047e                DriveInit()
                0x0000052e                DriveMove(unsigned char)
                0x000005f8                TestMaxCurrent(char, unsigned int)
                0x000006c8                ADCCurrent1()
                0x00000704                ADCCurrent0()
                0x00000740                CalculateVoltage(unsigned int)
                0x0000074a                ADCVoltage()
                0x00000766                Clearf_excessCurrent()
 .text          0x0000076c       0x98 lamp.o
                0x0000076c                LampTimeFunc()
                0x000007d6                InitLAMP()
                0x00000802                SetLamp(unsigned char, unsigned char)
 .text          0x00000804      0x608 NetDriver_rs4850.o
                0x00000804                rs485_SetUpPortUartFunc()
                0x00000808                rs485_RecToSendFunc()
                0x0000080c                rs485_SendToRecFunc()
                0x00000810                rs485_InitNetDriver_RS485(char, char, char, void (*)(), void (*)(), void (*)(), void (*)())
                0x00000874                rs485_FillPackage_1(char, char, char, char, ...)
                0x000008e0                rs485_SendControlSum()
                0x00000914                rs485_SendFunc()
                0x0000097c                rs485_StartSend()
                0x0000099e                rs485_FillPackage(char, char, char, char, ...)
                0x00000a04                rs485_RecPackageFunc()
                0x00000bea                USART0_TX_vect
                0x00000c30                rs485_ReceiveControlSum()
                0x00000c76                USART0_RX_vect
                0x00000d2a                rs485_ControlTimeRecByte()
                0x00000d4a                rs485_PeriodicNetDriverFunc()
                0x00000d4e                rs485_InitNetwork()
 .text          0x00000e0c      0x1fe sensors.o
                0x00000e0c                getSensorState()
                0x00000e12                getSensorReady()
                0x00000e18                getPin0()
                0x00000e26                getPin1()
                0x00000e3c                pin0ValueDec()
                0x00000e58                pin0ValueInc()
                0x00000e72                pin1ValueDec()
                0x00000e8e                pin1ValueInc()
                0x00000ea8                updateStateFromPin()
                0x00000ef2                SensorsTimeFunc()
                0x00000fbc                InitSensors()
 .text          0x0000100a       0xc2 timers.o
                0x0000100a                InitVirtualTimers()
                0x00001030                __vector_3
                0x000010ac                RegVirtualTimer(void (*)())
 .text          0x000010cc      0x212 zatvor.o
                0x000010cc                delayFunc()
                0x000010ea                SetOuts(unsigned char)
                0x00001114                zatvorOpen()
                0x00001138                zatvorClose()
                0x0000115c                zatvorStop()
                0x0000116a                Process()
                0x000011ca                delay_mks_1000(int)
                0x000011f6                delay_mks_100(int)
                0x00001220                delay_mks_10(int)
                0x00001242                initDelay()
                0x00001256                main
                0x000012bc                delay(int)
 .text          0x000012de        0x0 c:/program files (x86)/atmel/atmel studio 6.0/extensions/atmel/avrgcc/3.4.0.65/avrtoolchain/bin/../lib/gcc/avr/4.6.2/avr4\libgcc.a(_divmodhi4.o)
 .text          0x000012de        0x0 c:/program files (x86)/atmel/atmel studio 6.0/extensions/atmel/avrgcc/3.4.0.65/avrtoolchain/bin/../lib/gcc/avr/4.6.2/avr4\libgcc.a(_exit.o)
 .text          0x000012de        0x0 c:/program files (x86)/atmel/atmel studio 6.0/extensions/atmel/avrgcc/3.4.0.65/avrtoolchain/bin/../lib/gcc/avr/4.6.2/avr4\libgcc.a(_copy_data.o)
 .text          0x000012de        0x0 c:/program files (x86)/atmel/atmel studio 6.0/extensions/atmel/avrgcc/3.4.0.65/avrtoolchain/bin/../lib/gcc/avr/4.6.2/avr4\libgcc.a(_clear_bss.o)
 .text          0x000012de        0x0 c:/program files (x86)/atmel/atmel studio 6.0/extensions/atmel/avrgcc/3.4.0.65/avrtoolchain/bin/../lib/gcc/avr/4.6.2/avr4\libgcc.a(_udivmodhi4.o)
                0x000012de                . = ALIGN (0x2)
 *(.text.*)
 .text.libgcc   0x000012de       0x26 c:/program files (x86)/atmel/atmel studio 6.0/extensions/atmel/avrgcc/3.4.0.65/avrtoolchain/bin/../lib/gcc/avr/4.6.2/avr4\libgcc.a(_divmodhi4.o)
                0x000012de                _div
                0x000012de                __divmodhi4
 .text.libgcc   0x00001304        0x0 c:/program files (x86)/atmel/atmel studio 6.0/extensions/atmel/avrgcc/3.4.0.65/avrtoolchain/bin/../lib/gcc/avr/4.6.2/avr4\libgcc.a(_exit.o)
 .text.libgcc   0x00001304        0x0 c:/program files (x86)/atmel/atmel studio 6.0/extensions/atmel/avrgcc/3.4.0.65/avrtoolchain/bin/../lib/gcc/avr/4.6.2/avr4\libgcc.a(_copy_data.o)
 .text.libgcc   0x00001304        0x0 c:/program files (x86)/atmel/atmel studio 6.0/extensions/atmel/avrgcc/3.4.0.65/avrtoolchain/bin/../lib/gcc/avr/4.6.2/avr4\libgcc.a(_clear_bss.o)
 .text.libgcc   0x00001304       0x28 c:/program files (x86)/atmel/atmel studio 6.0/extensions/atmel/avrgcc/3.4.0.65/avrtoolchain/bin/../lib/gcc/avr/4.6.2/avr4\libgcc.a(_udivmodhi4.o)
                0x00001304                __udivmodhi4
                0x0000132c                . = ALIGN (0x2)
 *(.fini9)
 .fini9         0x0000132c        0x0 c:/program files (x86)/atmel/atmel studio 6.0/extensions/atmel/avrgcc/3.4.0.65/avrtoolchain/bin/../lib/gcc/avr/4.6.2/avr4\libgcc.a(_exit.o)
                0x0000132c                _exit
                0x0000132c                exit
 *(.fini9)
 *(.fini8)
 *(.fini8)
 *(.fini7)
 *(.fini7)
 *(.fini6)
 *(.fini6)
 *(.fini5)
 *(.fini5)
 *(.fini4)
 *(.fini4)
 *(.fini3)
 *(.fini3)
 *(.fini2)
 *(.fini2)
 *(.fini1)
 *(.fini1)
 *(.fini0)
 .fini0         0x0000132c        0x4 c:/program files (x86)/atmel/atmel studio 6.0/extensions/atmel/avrgcc/3.4.0.65/avrtoolchain/bin/../lib/gcc/avr/4.6.2/avr4\libgcc.a(_exit.o)
 *(.fini0)
                0x00001330                _etext = .

.data           0x00800060        0x2 load address 0x00001330
                0x00800060                PROVIDE (__data_start, .)
 *(.data)
 .data          0x00800060        0x0 c:/program files (x86)/atmel/atmel studio 6.0/extensions/atmel/avrgcc/3.4.0.65/avrtoolchain/bin/../lib/gcc/avr/4.6.2/../../../../avr/lib/avr4/crtm8.o
 .data          0x00800060        0x1 adc.o
                0x00800060                NumChannel
 .data          0x00800061        0x0 but.o
 .data          0x00800061        0x0 drive.o
 .data          0x00800061        0x0 lamp.o
 .data          0x00800061        0x0 NetDriver_rs4850.o
 .data          0x00800061        0x0 sensors.o
 .data          0x00800061        0x0 timers.o
 .data          0x00800061        0x0 zatvor.o
 .data          0x00800061        0x0 c:/program files (x86)/atmel/atmel studio 6.0/extensions/atmel/avrgcc/3.4.0.65/avrtoolchain/bin/../lib/gcc/avr/4.6.2/avr4\libgcc.a(_divmodhi4.o)
 .data          0x00800061        0x0 c:/program files (x86)/atmel/atmel studio 6.0/extensions/atmel/avrgcc/3.4.0.65/avrtoolchain/bin/../lib/gcc/avr/4.6.2/avr4\libgcc.a(_exit.o)
 .data          0x00800061        0x0 c:/program files (x86)/atmel/atmel studio 6.0/extensions/atmel/avrgcc/3.4.0.65/avrtoolchain/bin/../lib/gcc/avr/4.6.2/avr4\libgcc.a(_copy_data.o)
 .data          0x00800061        0x0 c:/program files (x86)/atmel/atmel studio 6.0/extensions/atmel/avrgcc/3.4.0.65/avrtoolchain/bin/../lib/gcc/avr/4.6.2/avr4\libgcc.a(_clear_bss.o)
 .data          0x00800061        0x0 c:/program files (x86)/atmel/atmel studio 6.0/extensions/atmel/avrgcc/3.4.0.65/avrtoolchain/bin/../lib/gcc/avr/4.6.2/avr4\libgcc.a(_udivmodhi4.o)
 *(.data*)
 *(.rodata)
 *(.rodata*)
 *(.gnu.linkonce.d*)
                0x00800062                . = ALIGN (0x2)
 *fill*         0x00800061        0x1 00
                0x00800062                _edata = .
                0x00800062                PROVIDE (__data_end, .)

.bss            0x00800062       0xb0
                0x00800062                PROVIDE (__bss_start, .)
 *(.bss)
 .bss           0x00800062        0x0 c:/program files (x86)/atmel/atmel studio 6.0/extensions/atmel/avrgcc/3.4.0.65/avrtoolchain/bin/../lib/gcc/avr/4.6.2/../../../../avr/lib/avr4/crtm8.o
 .bss           0x00800062       0x10 adc.o
                0x00800062                MfuncPoint
 .bss           0x00800072       0x13 but.o
                0x00800072                bTemp
                0x00800073                bVal
                0x00800076                bLevel1
                0x0080007c                bLevel0
                0x00800082                bLCounter
                0x00800084                f_bTrueVal
 .bss           0x00800085       0x1e drive.o
                0x00800085                driveStartCounter
                0x00800086                f_excessCurrentCache
                0x00800087                f_excessCurrent
                0x00800088                countTimeMaxCurrent1
                0x0080008c                MaxCurrent1
                0x00800090                countTimeMaxCurrent0
                0x00800094                MaxCurrent0
                0x00800098                voltage
                0x0080009a                current
                0x0080009e                driveDirect
                0x008000a0                driveStopCounter
                0x008000a2                drivePhase
 .bss           0x008000a3        0x6 lamp.o
                0x008000a3                lState
                0x008000a7                lPeriod
 .bss           0x008000a9       0x3d NetDriver_rs4850.o
                0x008000a9                rs485_lsAddress
                0x008000aa                rs485_bVal
                0x008000ae                rs485_f_sending
                0x008000af                rs485_s_count
                0x008000b0                rs485_sendBuf
                0x008000c5                rs485_f_rec_control_count
                0x008000c6                rs485_rec_control_count
                0x008000c7                rs485_r_count
                0x008000c8                rs485_receiveBuf
                0x008000dd                rs485_pointer_SendToRecFunc
                0x008000df                rs485_pointer_RecToSendFunc
                0x008000e1                rs485_pointer_SetUpPortUartFunc
                0x008000e3                rs485_pointer_HandlerRecPackage
                0x008000e5                rs485_deviceAddress
 .bss           0x008000e6        0xb sensors.o
                0x008000e6                invalideVSensTimer
                0x008000e8                f_invalideVoltage
                0x008000e9                pin1Value
                0x008000eb                pin0Value
                0x008000ed                pinCounter
                0x008000ef                sensorReady
                0x008000f0                sensorState
 .bss           0x008000f1       0x15 timers.o
                0x008000f1                NumTimers
                0x008000f2                VirtualTimers
 .bss           0x00800106        0xc zatvor.o
                0x00800106                mdelay
                0x00800108                f_delay
                0x00800109                b2
                0x0080010a                b1
                0x0080010b                b0
                0x0080010c                outsState
                0x0080010d                mainphase
                0x0080010e                curOverCounter
                0x00800110                moveCh
 .bss           0x00800112        0x0 c:/program files (x86)/atmel/atmel studio 6.0/extensions/atmel/avrgcc/3.4.0.65/avrtoolchain/bin/../lib/gcc/avr/4.6.2/avr4\libgcc.a(_divmodhi4.o)
 .bss           0x00800112        0x0 c:/program files (x86)/atmel/atmel studio 6.0/extensions/atmel/avrgcc/3.4.0.65/avrtoolchain/bin/../lib/gcc/avr/4.6.2/avr4\libgcc.a(_exit.o)
 .bss           0x00800112        0x0 c:/program files (x86)/atmel/atmel studio 6.0/extensions/atmel/avrgcc/3.4.0.65/avrtoolchain/bin/../lib/gcc/avr/4.6.2/avr4\libgcc.a(_copy_data.o)
 .bss           0x00800112        0x0 c:/program files (x86)/atmel/atmel studio 6.0/extensions/atmel/avrgcc/3.4.0.65/avrtoolchain/bin/../lib/gcc/avr/4.6.2/avr4\libgcc.a(_clear_bss.o)
 .bss           0x00800112        0x0 c:/program files (x86)/atmel/atmel studio 6.0/extensions/atmel/avrgcc/3.4.0.65/avrtoolchain/bin/../lib/gcc/avr/4.6.2/avr4\libgcc.a(_udivmodhi4.o)
 *(.bss*)
 *(COMMON)
                0x00800112                PROVIDE (__bss_end, .)
                0x00001330                __data_load_start = LOADADDR (.data)
                0x00001332                __data_load_end = (__data_load_start + SIZEOF (.data))

.noinit         0x00800112        0x0
                0x00800112                PROVIDE (__noinit_start, .)
 *(.noinit*)
                0x00800112                PROVIDE (__noinit_end, .)
                0x00800112                _end = .
                0x00800112                PROVIDE (__heap_start, .)

.eeprom         0x00810000        0x0
 *(.eeprom*)
                0x00810000                __eeprom_end = .

.fuse
 *(.fuse)
 *(.lfuse)
 *(.hfuse)
 *(.efuse)

.lock
 *(.lock*)

.signature
 *(.signature*)

.stab           0x00000000      0x6cc
 *(.stab)
 .stab          0x00000000      0x6cc c:/program files (x86)/atmel/atmel studio 6.0/extensions/atmel/avrgcc/3.4.0.65/avrtoolchain/bin/../lib/gcc/avr/4.6.2/../../../../avr/lib/avr4/crtm8.o

.stabstr        0x00000000       0x85
 *(.stabstr)
 .stabstr       0x00000000       0x85 c:/program files (x86)/atmel/atmel studio 6.0/extensions/atmel/avrgcc/3.4.0.65/avrtoolchain/bin/../lib/gcc/avr/4.6.2/../../../../avr/lib/avr4/crtm8.o

.stab.excl
 *(.stab.excl)

.stab.exclstr
 *(.stab.exclstr)

.stab.index
 *(.stab.index)

.stab.indexstr
 *(.stab.indexstr)

.comment
 *(.comment)

.debug
 *(.debug)

.line
 *(.line)

.debug_srcinfo
 *(.debug_srcinfo)

.debug_sfnames
 *(.debug_sfnames)

.debug_aranges  0x00000000      0x1a0
 *(.debug_aranges)
 .debug_aranges
                0x00000000       0x20 adc.o
 .debug_aranges
                0x00000020       0x20 but.o
 .debug_aranges
                0x00000040       0x20 drive.o
 .debug_aranges
                0x00000060       0x20 lamp.o
 .debug_aranges
                0x00000080       0x20 NetDriver_rs4850.o
 .debug_aranges
                0x000000a0       0x20 sensors.o
 .debug_aranges
                0x000000c0       0x20 timers.o
 .debug_aranges
                0x000000e0       0x20 zatvor.o
 .debug_aranges
                0x00000100       0x20 c:/program files (x86)/atmel/atmel studio 6.0/extensions/atmel/avrgcc/3.4.0.65/avrtoolchain/bin/../lib/gcc/avr/4.6.2/avr4\libgcc.a(_divmodhi4.o)
 .debug_aranges
                0x00000120       0x20 c:/program files (x86)/atmel/atmel studio 6.0/extensions/atmel/avrgcc/3.4.0.65/avrtoolchain/bin/../lib/gcc/avr/4.6.2/avr4\libgcc.a(_exit.o)
 .debug_aranges
                0x00000140       0x20 c:/program files (x86)/atmel/atmel studio 6.0/extensions/atmel/avrgcc/3.4.0.65/avrtoolchain/bin/../lib/gcc/avr/4.6.2/avr4\libgcc.a(_copy_data.o)
 .debug_aranges
                0x00000160       0x20 c:/program files (x86)/atmel/atmel studio 6.0/extensions/atmel/avrgcc/3.4.0.65/avrtoolchain/bin/../lib/gcc/avr/4.6.2/avr4\libgcc.a(_clear_bss.o)
 .debug_aranges
                0x00000180       0x20 c:/program files (x86)/atmel/atmel studio 6.0/extensions/atmel/avrgcc/3.4.0.65/avrtoolchain/bin/../lib/gcc/avr/4.6.2/avr4\libgcc.a(_udivmodhi4.o)

.debug_pubnames
 *(.debug_pubnames)

.debug_info     0x00000000     0x1786
 *(.debug_info)
 .debug_info    0x00000000      0x15e adc.o
 .debug_info    0x0000015e      0x11a but.o
 .debug_info    0x00000278      0x2cc drive.o
 .debug_info    0x00000544       0xf9 lamp.o
 .debug_info    0x0000063d      0x5ef NetDriver_rs4850.o
 .debug_info    0x00000c2c      0x245 sensors.o
 .debug_info    0x00000e71      0x13e timers.o
 .debug_info    0x00000faf      0x386 zatvor.o
 .debug_info    0x00001335       0xdd c:/program files (x86)/atmel/atmel studio 6.0/extensions/atmel/avrgcc/3.4.0.65/avrtoolchain/bin/../lib/gcc/avr/4.6.2/avr4\libgcc.a(_divmodhi4.o)
 .debug_info    0x00001412       0xdd c:/program files (x86)/atmel/atmel studio 6.0/extensions/atmel/avrgcc/3.4.0.65/avrtoolchain/bin/../lib/gcc/avr/4.6.2/avr4\libgcc.a(_exit.o)
 .debug_info    0x000014ef       0xdd c:/program files (x86)/atmel/atmel studio 6.0/extensions/atmel/avrgcc/3.4.0.65/avrtoolchain/bin/../lib/gcc/avr/4.6.2/avr4\libgcc.a(_copy_data.o)
 .debug_info    0x000015cc       0xdd c:/program files (x86)/atmel/atmel studio 6.0/extensions/atmel/avrgcc/3.4.0.65/avrtoolchain/bin/../lib/gcc/avr/4.6.2/avr4\libgcc.a(_clear_bss.o)
 .debug_info    0x000016a9       0xdd c:/program files (x86)/atmel/atmel studio 6.0/extensions/atmel/avrgcc/3.4.0.65/avrtoolchain/bin/../lib/gcc/avr/4.6.2/avr4\libgcc.a(_udivmodhi4.o)
 *(.gnu.linkonce.wi.*)

.debug_abbrev   0x00000000      0x768
 *(.debug_abbrev)
 .debug_abbrev  0x00000000       0xd0 adc.o
 .debug_abbrev  0x000000d0       0x63 but.o
 .debug_abbrev  0x00000133       0xcb drive.o
 .debug_abbrev  0x000001fe       0x8a lamp.o
 .debug_abbrev  0x00000288      0x1e8 NetDriver_rs4850.o
 .debug_abbrev  0x00000470       0xa8 sensors.o
 .debug_abbrev  0x00000518       0xbc timers.o
 .debug_abbrev  0x000005d4      0x130 zatvor.o
 .debug_abbrev  0x00000704       0x14 c:/program files (x86)/atmel/atmel studio 6.0/extensions/atmel/avrgcc/3.4.0.65/avrtoolchain/bin/../lib/gcc/avr/4.6.2/avr4\libgcc.a(_divmodhi4.o)
 .debug_abbrev  0x00000718       0x14 c:/program files (x86)/atmel/atmel studio 6.0/extensions/atmel/avrgcc/3.4.0.65/avrtoolchain/bin/../lib/gcc/avr/4.6.2/avr4\libgcc.a(_exit.o)
 .debug_abbrev  0x0000072c       0x14 c:/program files (x86)/atmel/atmel studio 6.0/extensions/atmel/avrgcc/3.4.0.65/avrtoolchain/bin/../lib/gcc/avr/4.6.2/avr4\libgcc.a(_copy_data.o)
 .debug_abbrev  0x00000740       0x14 c:/program files (x86)/atmel/atmel studio 6.0/extensions/atmel/avrgcc/3.4.0.65/avrtoolchain/bin/../lib/gcc/avr/4.6.2/avr4\libgcc.a(_clear_bss.o)
 .debug_abbrev  0x00000754       0x14 c:/program files (x86)/atmel/atmel studio 6.0/extensions/atmel/avrgcc/3.4.0.65/avrtoolchain/bin/../lib/gcc/avr/4.6.2/avr4\libgcc.a(_udivmodhi4.o)

.debug_line     0x00000000      0x930
 *(.debug_line)
 .debug_line    0x00000000       0x67 adc.o
 .debug_line    0x00000067       0x68 but.o
 .debug_line    0x000000cf       0xce drive.o
 .debug_line    0x0000019d       0x6f lamp.o
 .debug_line    0x0000020c      0x221 NetDriver_rs4850.o
 .debug_line    0x0000042d       0xae sensors.o
 .debug_line    0x000004db       0x68 timers.o
 .debug_line    0x00000543      0x113 zatvor.o
 .debug_line    0x00000656       0x99 c:/program files (x86)/atmel/atmel studio 6.0/extensions/atmel/avrgcc/3.4.0.65/avrtoolchain/bin/../lib/gcc/avr/4.6.2/avr4\libgcc.a(_divmodhi4.o)
 .debug_line    0x000006ef       0x88 c:/program files (x86)/atmel/atmel studio 6.0/extensions/atmel/avrgcc/3.4.0.65/avrtoolchain/bin/../lib/gcc/avr/4.6.2/avr4\libgcc.a(_exit.o)
 .debug_line    0x00000777       0x91 c:/program files (x86)/atmel/atmel studio 6.0/extensions/atmel/avrgcc/3.4.0.65/avrtoolchain/bin/../lib/gcc/avr/4.6.2/avr4\libgcc.a(_copy_data.o)
 .debug_line    0x00000808       0x8e c:/program files (x86)/atmel/atmel studio 6.0/extensions/atmel/avrgcc/3.4.0.65/avrtoolchain/bin/../lib/gcc/avr/4.6.2/avr4\libgcc.a(_clear_bss.o)
 .debug_line    0x00000896       0x9a c:/program files (x86)/atmel/atmel studio 6.0/extensions/atmel/avrgcc/3.4.0.65/avrtoolchain/bin/../lib/gcc/avr/4.6.2/avr4\libgcc.a(_udivmodhi4.o)

.debug_frame    0x00000000      0x640
 *(.debug_frame)
 .debug_frame   0x00000000       0xac adc.o
 .debug_frame   0x000000ac       0x34 but.o
 .debug_frame   0x000000e0       0xa4 drive.o
 .debug_frame   0x00000184       0x44 lamp.o
 .debug_frame   0x000001c8      0x234 NetDriver_rs4850.o
 .debug_frame   0x000003fc       0xcc sensors.o
 .debug_frame   0x000004c8       0x9c timers.o
 .debug_frame   0x00000564       0xdc zatvor.o

.debug_str      0x00000000      0xd47
 *(.debug_str)
 .debug_str     0x00000000      0x121 adc.o
                                0x15a (size before relaxing)
 .debug_str     0x00000121       0x7a but.o
                                0x11e (size before relaxing)
 .debug_str     0x0000019b      0x1bd drive.o
                                0x289 (size before relaxing)
 .debug_str     0x00000358       0x72 lamp.o
                                0x111 (size before relaxing)
 .debug_str     0x000003ca      0x58c NetDriver_rs4850.o
                                0x66b (size before relaxing)
 .debug_str     0x00000956      0x1f6 sensors.o
                                0x30b (size before relaxing)
 .debug_str     0x00000b4c       0x94 timers.o
                                0x14d (size before relaxing)
 .debug_str     0x00000be0      0x167 zatvor.o
                                0x2a0 (size before relaxing)

.debug_loc      0x00000000      0xb12
 *(.debug_loc)
 .debug_loc     0x00000000      0x176 adc.o
 .debug_loc     0x00000176      0x107 drive.o
 .debug_loc     0x0000027d      0x556 NetDriver_rs4850.o
 .debug_loc     0x000007d3       0x22 sensors.o
 .debug_loc     0x000007f5      0x125 timers.o
 .debug_loc     0x0000091a      0x1f8 zatvor.o

.debug_macinfo
 *(.debug_macinfo)
OUTPUT(zatvor.elf elf32-avr)
LOAD linker stubs

.debug_ranges   0x00000000       0x30
 .debug_ranges  0x00000000       0x30 NetDriver_rs4850.o
