Archive member included because of file (symbol)

d:/program files/atmel/atmel studio 6.0/extensions/atmel/avrgcc/3.4.0.65/avrtoolchain/bin/../lib/gcc/avr/4.6.2/avr4\libgcc.a(_divmodhi4.o)
                              drive.o (__divmodhi4)
d:/program files/atmel/atmel studio 6.0/extensions/atmel/avrgcc/3.4.0.65/avrtoolchain/bin/../lib/gcc/avr/4.6.2/avr4\libgcc.a(_exit.o)
                              d:/program files/atmel/atmel studio 6.0/extensions/atmel/avrgcc/3.4.0.65/avrtoolchain/bin/../lib/gcc/avr/4.6.2/../../../../avr/lib/avr4/crtm8.o (exit)
d:/program files/atmel/atmel studio 6.0/extensions/atmel/avrgcc/3.4.0.65/avrtoolchain/bin/../lib/gcc/avr/4.6.2/avr4\libgcc.a(_copy_data.o)
                              adc.o (__do_copy_data)
d:/program files/atmel/atmel studio 6.0/extensions/atmel/avrgcc/3.4.0.65/avrtoolchain/bin/../lib/gcc/avr/4.6.2/avr4\libgcc.a(_clear_bss.o)
                              adc.o (__do_clear_bss)
d:/program files/atmel/atmel studio 6.0/extensions/atmel/avrgcc/3.4.0.65/avrtoolchain/bin/../lib/gcc/avr/4.6.2/avr4\libgcc.a(_udivmodhi4.o)
                              d:/program files/atmel/atmel studio 6.0/extensions/atmel/avrgcc/3.4.0.65/avrtoolchain/bin/../lib/gcc/avr/4.6.2/avr4\libgcc.a(_divmodhi4.o) (__udivmodhi4)

Memory Configuration

Name             Origin             Length             Attributes
text             0x00000000         0x00002000         xr
data             0x00800060         0x0000ffa0         rw !x
eeprom           0x00810000         0x00010000         rw !x
fuse             0x00820000         0x00000400         rw !x
lock             0x00830000         0x00000400         rw !x
signature        0x00840000         0x00000400         rw !x
*default*        0x00000000         0xffffffff

Linker script and memory map

LOAD d:/program files/atmel/atmel studio 6.0/extensions/atmel/avrgcc/3.4.0.65/avrtoolchain/bin/../lib/gcc/avr/4.6.2/../../../../avr/lib/avr4/crtm8.o
LOAD adc.o
LOAD but.o
LOAD drive.o
LOAD lamp.o
LOAD network.o
LOAD sensors.o
LOAD timers.o
LOAD zatvor.o
START GROUP
LOAD d:/program files/atmel/atmel studio 6.0/extensions/atmel/avrgcc/3.4.0.65/avrtoolchain/bin/../lib/gcc/avr/4.6.2/../../../../avr/lib/avr4\libm.a
END GROUP
LOAD d:/program files/atmel/atmel studio 6.0/extensions/atmel/avrgcc/3.4.0.65/avrtoolchain/bin/../lib/gcc/avr/4.6.2/avr4\libgcc.a
LOAD d:/program files/atmel/atmel studio 6.0/extensions/atmel/avrgcc/3.4.0.65/avrtoolchain/bin/../lib/gcc/avr/4.6.2/../../../../avr/lib/avr4\libm.a
LOAD d:/program files/atmel/atmel studio 6.0/extensions/atmel/avrgcc/3.4.0.65/avrtoolchain/bin/../lib/gcc/avr/4.6.2/avr4\libgcc.a
LOAD d:/program files/atmel/atmel studio 6.0/extensions/atmel/avrgcc/3.4.0.65/avrtoolchain/bin/../lib/gcc/avr/4.6.2/../../../../avr/lib/avr4\libc.a
LOAD d:/program files/atmel/atmel studio 6.0/extensions/atmel/avrgcc/3.4.0.65/avrtoolchain/bin/../lib/gcc/avr/4.6.2/avr4\libgcc.a

.hash
 *(.hash)

.dynsym
 *(.dynsym)

.dynstr
 *(.dynstr)

.gnu.version
 *(.gnu.version)

.gnu.version_d
 *(.gnu.version_d)

.gnu.version_r
 *(.gnu.version_r)

.rel.init
 *(.rel.init)

.rela.init
 *(.rela.init)

.rel.text
 *(.rel.text)
 *(.rel.text.*)
 *(.rel.gnu.linkonce.t*)

.rela.text
 *(.rela.text)
 *(.rela.text.*)
 *(.rela.gnu.linkonce.t*)

.rel.fini
 *(.rel.fini)

.rela.fini
 *(.rela.fini)

.rel.rodata
 *(.rel.rodata)
 *(.rel.rodata.*)
 *(.rel.gnu.linkonce.r*)

.rela.rodata
 *(.rela.rodata)
 *(.rela.rodata.*)
 *(.rela.gnu.linkonce.r*)

.rel.data
 *(.rel.data)
 *(.rel.data.*)
 *(.rel.gnu.linkonce.d*)

.rela.data
 *(.rela.data)
 *(.rela.data.*)
 *(.rela.gnu.linkonce.d*)

.rel.ctors
 *(.rel.ctors)

.rela.ctors
 *(.rela.ctors)

.rel.dtors
 *(.rel.dtors)

.rela.dtors
 *(.rela.dtors)

.rel.got
 *(.rel.got)

.rela.got
 *(.rela.got)

.rel.bss
 *(.rel.bss)

.rela.bss
 *(.rela.bss)

.rel.plt
 *(.rel.plt)

.rela.plt
 *(.rela.plt)

.text           0x00000000     0x12e0
 *(.vectors)
 .vectors       0x00000000       0x26 d:/program files/atmel/atmel studio 6.0/extensions/atmel/avrgcc/3.4.0.65/avrtoolchain/bin/../lib/gcc/avr/4.6.2/../../../../avr/lib/avr4/crtm8.o
                0x00000000                __vector_default
                0x00000000                __vectors
 *(.vectors)
 *(.progmem.gcc*)
 .progmem.gcc_sw_table
                0x00000026       0x10 drive.o
 *(.progmem*)
                0x00000036                . = ALIGN (0x2)
                0x00000036                __trampolines_start = .
 *(.trampolines)
 .trampolines   0x00000036        0x0 linker stubs
 *(.trampolines*)
                0x00000036                __trampolines_end = .
 *(.jumptables)
 *(.jumptables*)
 *(.lowtext)
 *(.lowtext*)
                0x00000036                __ctors_start = .
 *(.ctors)
                0x00000036                __ctors_end = .
                0x00000036                __dtors_start = .
 *(.dtors)
                0x00000036                __dtors_end = .
 SORT(*)(.ctors)
 SORT(*)(.dtors)
 *(.init0)
 .init0         0x00000036        0x0 d:/program files/atmel/atmel studio 6.0/extensions/atmel/avrgcc/3.4.0.65/avrtoolchain/bin/../lib/gcc/avr/4.6.2/../../../../avr/lib/avr4/crtm8.o
                0x00000036                __init
 *(.init0)
 *(.init1)
 *(.init1)
 *(.init2)
 .init2         0x00000036        0xc d:/program files/atmel/atmel studio 6.0/extensions/atmel/avrgcc/3.4.0.65/avrtoolchain/bin/../lib/gcc/avr/4.6.2/../../../../avr/lib/avr4/crtm8.o
 *(.init2)
 *(.init3)
 *(.init3)
 *(.init4)
 .init4         0x00000042       0x16 d:/program files/atmel/atmel studio 6.0/extensions/atmel/avrgcc/3.4.0.65/avrtoolchain/bin/../lib/gcc/avr/4.6.2/avr4\libgcc.a(_copy_data.o)
                0x00000042                __do_copy_data
 .init4         0x00000058       0x10 d:/program files/atmel/atmel studio 6.0/extensions/atmel/avrgcc/3.4.0.65/avrtoolchain/bin/../lib/gcc/avr/4.6.2/avr4\libgcc.a(_clear_bss.o)
                0x00000058                __do_clear_bss
 *(.init4)
 *(.init5)
 *(.init5)
 *(.init6)
 *(.init6)
 *(.init7)
 *(.init7)
 *(.init8)
 *(.init8)
 *(.init9)
 .init9         0x00000068        0x4 d:/program files/atmel/atmel studio 6.0/extensions/atmel/avrgcc/3.4.0.65/avrtoolchain/bin/../lib/gcc/avr/4.6.2/../../../../avr/lib/avr4/crtm8.o
 *(.init9)
 *(.text)
 .text          0x0000006c        0x2 d:/program files/atmel/atmel studio 6.0/extensions/atmel/avrgcc/3.4.0.65/avrtoolchain/bin/../lib/gcc/avr/4.6.2/../../../../avr/lib/avr4/crtm8.o
                0x0000006c                __vector_1
                0x0000006c                __vector_12
                0x0000006c                __bad_interrupt
                0x0000006c                __vector_6
                0x0000006c                __vector_17
                0x0000006c                __vector_7
                0x0000006c                __vector_5
                0x0000006c                __vector_4
                0x0000006c                __vector_9
                0x0000006c                __vector_2
                0x0000006c                __vector_15
                0x0000006c                __vector_8
                0x0000006c                __vector_10
                0x0000006c                __vector_16
                0x0000006c                __vector_18
 .text          0x0000006e      0x11e adc.o
                0x0000006e                InitADC()
                0x000000cc                ADCExec()
                0x0000010a                ADCTime()
                0x0000010e                RegChannel(void (*)(), unsigned char)
                0x00000132                __vector_14
 .text          0x0000018c      0x212 but.o
                0x0000018c                ButtonsTimeFunc()
                0x0000033c                InitButtons()
 .text          0x0000039e      0x3ce drive.o
                0x0000039e                DriveTimeFunc()
                0x0000047e                DriveInit()
                0x0000052e                DriveMove(unsigned char)
                0x000005f8                TestMaxCurrent(char, unsigned int)
                0x000006c8                ADCCurrent1()
                0x00000704                ADCCurrent0()
                0x00000740                CalculateVoltage(unsigned int)
                0x0000074a                ADCVoltage()
                0x00000766                Clearf_excessCurrent()
 .text          0x0000076c       0x98 lamp.o
                0x0000076c                LampTimeFunc()
                0x000007d6                InitLAMP()
                0x00000802                SetLamp(unsigned char, unsigned char)
 .text          0x00000804      0x5b8 network.o
                0x00000804                Network::portInit()
                0x0000080a                Network::portToSend()
                0x0000080e                Network::portToRec()
                0x00000812                Network::getAddress()
                0x000008b4                Network::initSender()
                0x000008ce                Network::getCrc(unsigned char*, unsigned int)
                0x000008f2                Network::setSendFrame(char, char, char, char, ...)
                0x00000970                Network::initReceiver()
                0x0000099e                Network::send()
                0x000009d8                __vector_13
                0x00000a1e                Network::init()
                0x00000a3e                Network::stopReceiver()
                0x00000a46                Network::startSend()
                0x00000a68                Network::clearSyncCounter()
                0x00000a72                Network::receiverSyncTimer()
                0x00000a94                networkTimerFunc()
                0x00000a98                Network::testParamsCount()
                0x00000aa6                Network::testRecv()
                0x00000aec                Network::processCommand()
                0x00000cd8                Network::recv()
                0x00000d76                __vector_11
 .text          0x00000dbc      0x1fe sensors.o
                0x00000dbc                getSensorState()
                0x00000dc2                getSensorReady()
                0x00000dc8                getPin0()
                0x00000dd6                getPin1()
                0x00000dec                pin0ValueDec()
                0x00000e08                pin0ValueInc()
                0x00000e22                pin1ValueDec()
                0x00000e3e                pin1ValueInc()
                0x00000e58                updateStateFromPin()
                0x00000ea2                SensorsTimeFunc()
                0x00000f6c                InitSensors()
 .text          0x00000fba       0xc2 timers.o
                0x00000fba                InitVirtualTimers()
                0x00000fe0                __vector_3
                0x0000105c                RegVirtualTimer(void (*)())
 .text          0x0000107c      0x212 zatvor.o
                0x0000107c                delayFunc()
                0x0000109a                SetOuts(unsigned char)
                0x000010c4                zatvorOpen()
                0x000010e8                zatvorClose()
                0x0000110c                zatvorStop()
                0x0000111a                Process()
                0x0000117a                delay_mks_1000(int)
                0x000011a6                delay_mks_100(int)
                0x000011d0                delay_mks_10(int)
                0x000011f2                initDelay()
                0x00001206                main
                0x0000126c                delay(int)
 .text          0x0000128e        0x0 d:/program files/atmel/atmel studio 6.0/extensions/atmel/avrgcc/3.4.0.65/avrtoolchain/bin/../lib/gcc/avr/4.6.2/avr4\libgcc.a(_divmodhi4.o)
 .text          0x0000128e        0x0 d:/program files/atmel/atmel studio 6.0/extensions/atmel/avrgcc/3.4.0.65/avrtoolchain/bin/../lib/gcc/avr/4.6.2/avr4\libgcc.a(_exit.o)
 .text          0x0000128e        0x0 d:/program files/atmel/atmel studio 6.0/extensions/atmel/avrgcc/3.4.0.65/avrtoolchain/bin/../lib/gcc/avr/4.6.2/avr4\libgcc.a(_copy_data.o)
 .text          0x0000128e        0x0 d:/program files/atmel/atmel studio 6.0/extensions/atmel/avrgcc/3.4.0.65/avrtoolchain/bin/../lib/gcc/avr/4.6.2/avr4\libgcc.a(_clear_bss.o)
 .text          0x0000128e        0x0 d:/program files/atmel/atmel studio 6.0/extensions/atmel/avrgcc/3.4.0.65/avrtoolchain/bin/../lib/gcc/avr/4.6.2/avr4\libgcc.a(_udivmodhi4.o)
                0x0000128e                . = ALIGN (0x2)
 *(.text.*)
 .text.libgcc   0x0000128e       0x26 d:/program files/atmel/atmel studio 6.0/extensions/atmel/avrgcc/3.4.0.65/avrtoolchain/bin/../lib/gcc/avr/4.6.2/avr4\libgcc.a(_divmodhi4.o)
                0x0000128e                _div
                0x0000128e                __divmodhi4
 .text.libgcc   0x000012b4        0x0 d:/program files/atmel/atmel studio 6.0/extensions/atmel/avrgcc/3.4.0.65/avrtoolchain/bin/../lib/gcc/avr/4.6.2/avr4\libgcc.a(_exit.o)
 .text.libgcc   0x000012b4        0x0 d:/program files/atmel/atmel studio 6.0/extensions/atmel/avrgcc/3.4.0.65/avrtoolchain/bin/../lib/gcc/avr/4.6.2/avr4\libgcc.a(_copy_data.o)
 .text.libgcc   0x000012b4        0x0 d:/program files/atmel/atmel studio 6.0/extensions/atmel/avrgcc/3.4.0.65/avrtoolchain/bin/../lib/gcc/avr/4.6.2/avr4\libgcc.a(_clear_bss.o)
 .text.libgcc   0x000012b4       0x28 d:/program files/atmel/atmel studio 6.0/extensions/atmel/avrgcc/3.4.0.65/avrtoolchain/bin/../lib/gcc/avr/4.6.2/avr4\libgcc.a(_udivmodhi4.o)
                0x000012b4                __udivmodhi4
                0x000012dc                . = ALIGN (0x2)
 *(.fini9)
 .fini9         0x000012dc        0x0 d:/program files/atmel/atmel studio 6.0/extensions/atmel/avrgcc/3.4.0.65/avrtoolchain/bin/../lib/gcc/avr/4.6.2/avr4\libgcc.a(_exit.o)
                0x000012dc                _exit
                0x000012dc                exit
 *(.fini9)
 *(.fini8)
 *(.fini8)
 *(.fini7)
 *(.fini7)
 *(.fini6)
 *(.fini6)
 *(.fini5)
 *(.fini5)
 *(.fini4)
 *(.fini4)
 *(.fini3)
 *(.fini3)
 *(.fini2)
 *(.fini2)
 *(.fini1)
 *(.fini1)
 *(.fini0)
 .fini0         0x000012dc        0x4 d:/program files/atmel/atmel studio 6.0/extensions/atmel/avrgcc/3.4.0.65/avrtoolchain/bin/../lib/gcc/avr/4.6.2/avr4\libgcc.a(_exit.o)
 *(.fini0)
                0x000012e0                _etext = .

.data           0x00800060        0x2 load address 0x000012e0
                0x00800060                PROVIDE (__data_start, .)
 *(.data)
 .data          0x00800060        0x0 d:/program files/atmel/atmel studio 6.0/extensions/atmel/avrgcc/3.4.0.65/avrtoolchain/bin/../lib/gcc/avr/4.6.2/../../../../avr/lib/avr4/crtm8.o
 .data          0x00800060        0x1 adc.o
                0x00800060                NumChannel
 .data          0x00800061        0x0 but.o
 .data          0x00800061        0x0 drive.o
 .data          0x00800061        0x0 lamp.o
 .data          0x00800061        0x0 network.o
 .data          0x00800061        0x0 sensors.o
 .data          0x00800061        0x0 timers.o
 .data          0x00800061        0x0 zatvor.o
 .data          0x00800061        0x0 d:/program files/atmel/atmel studio 6.0/extensions/atmel/avrgcc/3.4.0.65/avrtoolchain/bin/../lib/gcc/avr/4.6.2/avr4\libgcc.a(_divmodhi4.o)
 .data          0x00800061        0x0 d:/program files/atmel/atmel studio 6.0/extensions/atmel/avrgcc/3.4.0.65/avrtoolchain/bin/../lib/gcc/avr/4.6.2/avr4\libgcc.a(_exit.o)
 .data          0x00800061        0x0 d:/program files/atmel/atmel studio 6.0/extensions/atmel/avrgcc/3.4.0.65/avrtoolchain/bin/../lib/gcc/avr/4.6.2/avr4\libgcc.a(_copy_data.o)
 .data          0x00800061        0x0 d:/program files/atmel/atmel studio 6.0/extensions/atmel/avrgcc/3.4.0.65/avrtoolchain/bin/../lib/gcc/avr/4.6.2/avr4\libgcc.a(_clear_bss.o)
 .data          0x00800061        0x0 d:/program files/atmel/atmel studio 6.0/extensions/atmel/avrgcc/3.4.0.65/avrtoolchain/bin/../lib/gcc/avr/4.6.2/avr4\libgcc.a(_udivmodhi4.o)
 *(.data*)
 *(.rodata)
 *(.rodata*)
 *(.gnu.linkonce.d*)
                0x00800062                . = ALIGN (0x2)
 *fill*         0x00800061        0x1 00
                0x00800062                _edata = .
                0x00800062                PROVIDE (__data_end, .)

.bss            0x00800062       0xa4
                0x00800062                PROVIDE (__bss_start, .)
 *(.bss)
 .bss           0x00800062        0x0 d:/program files/atmel/atmel studio 6.0/extensions/atmel/avrgcc/3.4.0.65/avrtoolchain/bin/../lib/gcc/avr/4.6.2/../../../../avr/lib/avr4/crtm8.o
 .bss           0x00800062       0x10 adc.o
                0x00800062                MfuncPoint
 .bss           0x00800072       0x13 but.o
                0x00800072                bTemp
                0x00800073                bVal
                0x00800076                bLevel1
                0x0080007c                bLevel0
                0x00800082                bLCounter
                0x00800084                f_bTrueVal
 .bss           0x00800085       0x1e drive.o
                0x00800085                driveStartCounter
                0x00800086                f_excessCurrentCache
                0x00800087                f_excessCurrent
                0x00800088                countTimeMaxCurrent1
                0x0080008c                MaxCurrent1
                0x00800090                countTimeMaxCurrent0
                0x00800094                MaxCurrent0
                0x00800098                voltage
                0x0080009a                current
                0x0080009e                driveDirect
                0x008000a0                driveStopCounter
                0x008000a2                drivePhase
 .bss           0x008000a3        0x6 lamp.o
                0x008000a3                lState
                0x008000a7                lPeriod
 .bss           0x008000a9       0x31 network.o
                0x008000a9                testAddress
                0x008000aa                Network::address
                0x008000ab                Network::syncCounter
                0x008000ad                Network::fSync
                0x008000ae                Network::recvBufferPos
                0x008000b0                Network::recvBuffer
                0x008000c4                Network::sendBufferPos
                0x008000c6                Network::sendBuffer
 .bss           0x008000da        0xb sensors.o
                0x008000da                invalideVSensTimer
                0x008000dc                f_invalideVoltage
                0x008000dd                pin1Value
                0x008000df                pin0Value
                0x008000e1                pinCounter
                0x008000e3                sensorReady
                0x008000e4                sensorState
 .bss           0x008000e5       0x15 timers.o
                0x008000e5                NumTimers
                0x008000e6                VirtualTimers
 .bss           0x008000fa        0xc zatvor.o
                0x008000fa                mdelay
                0x008000fc                f_delay
                0x008000fd                b2
                0x008000fe                b1
                0x008000ff                b0
                0x00800100                outsState
                0x00800101                mainphase
                0x00800102                curOverCounter
                0x00800104                moveCh
 .bss           0x00800106        0x0 d:/program files/atmel/atmel studio 6.0/extensions/atmel/avrgcc/3.4.0.65/avrtoolchain/bin/../lib/gcc/avr/4.6.2/avr4\libgcc.a(_divmodhi4.o)
 .bss           0x00800106        0x0 d:/program files/atmel/atmel studio 6.0/extensions/atmel/avrgcc/3.4.0.65/avrtoolchain/bin/../lib/gcc/avr/4.6.2/avr4\libgcc.a(_exit.o)
 .bss           0x00800106        0x0 d:/program files/atmel/atmel studio 6.0/extensions/atmel/avrgcc/3.4.0.65/avrtoolchain/bin/../lib/gcc/avr/4.6.2/avr4\libgcc.a(_copy_data.o)
 .bss           0x00800106        0x0 d:/program files/atmel/atmel studio 6.0/extensions/atmel/avrgcc/3.4.0.65/avrtoolchain/bin/../lib/gcc/avr/4.6.2/avr4\libgcc.a(_clear_bss.o)
 .bss           0x00800106        0x0 d:/program files/atmel/atmel studio 6.0/extensions/atmel/avrgcc/3.4.0.65/avrtoolchain/bin/../lib/gcc/avr/4.6.2/avr4\libgcc.a(_udivmodhi4.o)
 *(.bss*)
 *(COMMON)
                0x00800106                PROVIDE (__bss_end, .)
                0x000012e0                __data_load_start = LOADADDR (.data)
                0x000012e2                __data_load_end = (__data_load_start + SIZEOF (.data))

.noinit         0x00800106        0x0
                0x00800106                PROVIDE (__noinit_start, .)
 *(.noinit*)
                0x00800106                PROVIDE (__noinit_end, .)
                0x00800106                _end = .
                0x00800106                PROVIDE (__heap_start, .)

.eeprom         0x00810000        0x0
 *(.eeprom*)
                0x00810000                __eeprom_end = .

.fuse
 *(.fuse)
 *(.lfuse)
 *(.hfuse)
 *(.efuse)

.lock
 *(.lock*)

.signature
 *(.signature*)

.stab           0x00000000      0x6cc
 *(.stab)
 .stab          0x00000000      0x6cc d:/program files/atmel/atmel studio 6.0/extensions/atmel/avrgcc/3.4.0.65/avrtoolchain/bin/../lib/gcc/avr/4.6.2/../../../../avr/lib/avr4/crtm8.o

.stabstr        0x00000000       0x85
 *(.stabstr)
 .stabstr       0x00000000       0x85 d:/program files/atmel/atmel studio 6.0/extensions/atmel/avrgcc/3.4.0.65/avrtoolchain/bin/../lib/gcc/avr/4.6.2/../../../../avr/lib/avr4/crtm8.o

.stab.excl
 *(.stab.excl)

.stab.exclstr
 *(.stab.exclstr)

.stab.index
 *(.stab.index)

.stab.indexstr
 *(.stab.indexstr)

.comment
 *(.comment)

.debug
 *(.debug)

.line
 *(.line)

.debug_srcinfo
 *(.debug_srcinfo)

.debug_sfnames
 *(.debug_sfnames)

.debug_aranges  0x00000000      0x1a0
 *(.debug_aranges)
 .debug_aranges
                0x00000000       0x20 adc.o
 .debug_aranges
                0x00000020       0x20 but.o
 .debug_aranges
                0x00000040       0x20 drive.o
 .debug_aranges
                0x00000060       0x20 lamp.o
 .debug_aranges
                0x00000080       0x20 network.o
 .debug_aranges
                0x000000a0       0x20 sensors.o
 .debug_aranges
                0x000000c0       0x20 timers.o
 .debug_aranges
                0x000000e0       0x20 zatvor.o
 .debug_aranges
                0x00000100       0x20 d:/program files/atmel/atmel studio 6.0/extensions/atmel/avrgcc/3.4.0.65/avrtoolchain/bin/../lib/gcc/avr/4.6.2/avr4\libgcc.a(_divmodhi4.o)
 .debug_aranges
                0x00000120       0x20 d:/program files/atmel/atmel studio 6.0/extensions/atmel/avrgcc/3.4.0.65/avrtoolchain/bin/../lib/gcc/avr/4.6.2/avr4\libgcc.a(_exit.o)
 .debug_aranges
                0x00000140       0x20 d:/program files/atmel/atmel studio 6.0/extensions/atmel/avrgcc/3.4.0.65/avrtoolchain/bin/../lib/gcc/avr/4.6.2/avr4\libgcc.a(_copy_data.o)
 .debug_aranges
                0x00000160       0x20 d:/program files/atmel/atmel studio 6.0/extensions/atmel/avrgcc/3.4.0.65/avrtoolchain/bin/../lib/gcc/avr/4.6.2/avr4\libgcc.a(_clear_bss.o)
 .debug_aranges
                0x00000180       0x20 d:/program files/atmel/atmel studio 6.0/extensions/atmel/avrgcc/3.4.0.65/avrtoolchain/bin/../lib/gcc/avr/4.6.2/avr4\libgcc.a(_udivmodhi4.o)

.debug_pubnames
 *(.debug_pubnames)

.debug_info     0x00000000     0x17e8
 *(.debug_info)
 .debug_info    0x00000000      0x15e adc.o
 .debug_info    0x0000015e      0x11a but.o
 .debug_info    0x00000278      0x2cc drive.o
 .debug_info    0x00000544       0xf9 lamp.o
 .debug_info    0x0000063d      0x64a network.o
 .debug_info    0x00000c87      0x245 sensors.o
 .debug_info    0x00000ecc      0x13e timers.o
 .debug_info    0x0000100a      0x38d zatvor.o
 .debug_info    0x00001397       0xdd d:/program files/atmel/atmel studio 6.0/extensions/atmel/avrgcc/3.4.0.65/avrtoolchain/bin/../lib/gcc/avr/4.6.2/avr4\libgcc.a(_divmodhi4.o)
 .debug_info    0x00001474       0xdd d:/program files/atmel/atmel studio 6.0/extensions/atmel/avrgcc/3.4.0.65/avrtoolchain/bin/../lib/gcc/avr/4.6.2/avr4\libgcc.a(_exit.o)
 .debug_info    0x00001551       0xdd d:/program files/atmel/atmel studio 6.0/extensions/atmel/avrgcc/3.4.0.65/avrtoolchain/bin/../lib/gcc/avr/4.6.2/avr4\libgcc.a(_copy_data.o)
 .debug_info    0x0000162e       0xdd d:/program files/atmel/atmel studio 6.0/extensions/atmel/avrgcc/3.4.0.65/avrtoolchain/bin/../lib/gcc/avr/4.6.2/avr4\libgcc.a(_clear_bss.o)
 .debug_info    0x0000170b       0xdd d:/program files/atmel/atmel studio 6.0/extensions/atmel/avrgcc/3.4.0.65/avrtoolchain/bin/../lib/gcc/avr/4.6.2/avr4\libgcc.a(_udivmodhi4.o)
 *(.gnu.linkonce.wi.*)

.debug_abbrev   0x00000000      0x78f
 *(.debug_abbrev)
 .debug_abbrev  0x00000000       0xd0 adc.o
 .debug_abbrev  0x000000d0       0x63 but.o
 .debug_abbrev  0x00000133       0xcb drive.o
 .debug_abbrev  0x000001fe       0x8a lamp.o
 .debug_abbrev  0x00000288      0x20f network.o
 .debug_abbrev  0x00000497       0xa8 sensors.o
 .debug_abbrev  0x0000053f       0xbc timers.o
 .debug_abbrev  0x000005fb      0x130 zatvor.o
 .debug_abbrev  0x0000072b       0x14 d:/program files/atmel/atmel studio 6.0/extensions/atmel/avrgcc/3.4.0.65/avrtoolchain/bin/../lib/gcc/avr/4.6.2/avr4\libgcc.a(_divmodhi4.o)
 .debug_abbrev  0x0000073f       0x14 d:/program files/atmel/atmel studio 6.0/extensions/atmel/avrgcc/3.4.0.65/avrtoolchain/bin/../lib/gcc/avr/4.6.2/avr4\libgcc.a(_exit.o)
 .debug_abbrev  0x00000753       0x14 d:/program files/atmel/atmel studio 6.0/extensions/atmel/avrgcc/3.4.0.65/avrtoolchain/bin/../lib/gcc/avr/4.6.2/avr4\libgcc.a(_copy_data.o)
 .debug_abbrev  0x00000767       0x14 d:/program files/atmel/atmel studio 6.0/extensions/atmel/avrgcc/3.4.0.65/avrtoolchain/bin/../lib/gcc/avr/4.6.2/avr4\libgcc.a(_clear_bss.o)
 .debug_abbrev  0x0000077b       0x14 d:/program files/atmel/atmel studio 6.0/extensions/atmel/avrgcc/3.4.0.65/avrtoolchain/bin/../lib/gcc/avr/4.6.2/avr4\libgcc.a(_udivmodhi4.o)

.debug_line     0x00000000      0x910
 *(.debug_line)
 .debug_line    0x00000000       0x67 adc.o
 .debug_line    0x00000067       0x68 but.o
 .debug_line    0x000000cf       0xce drive.o
 .debug_line    0x0000019d       0x6f lamp.o
 .debug_line    0x0000020c      0x201 network.o
 .debug_line    0x0000040d       0xae sensors.o
 .debug_line    0x000004bb       0x68 timers.o
 .debug_line    0x00000523      0x113 zatvor.o
 .debug_line    0x00000636       0x99 d:/program files/atmel/atmel studio 6.0/extensions/atmel/avrgcc/3.4.0.65/avrtoolchain/bin/../lib/gcc/avr/4.6.2/avr4\libgcc.a(_divmodhi4.o)
 .debug_line    0x000006cf       0x88 d:/program files/atmel/atmel studio 6.0/extensions/atmel/avrgcc/3.4.0.65/avrtoolchain/bin/../lib/gcc/avr/4.6.2/avr4\libgcc.a(_exit.o)
 .debug_line    0x00000757       0x91 d:/program files/atmel/atmel studio 6.0/extensions/atmel/avrgcc/3.4.0.65/avrtoolchain/bin/../lib/gcc/avr/4.6.2/avr4\libgcc.a(_copy_data.o)
 .debug_line    0x000007e8       0x8e d:/program files/atmel/atmel studio 6.0/extensions/atmel/avrgcc/3.4.0.65/avrtoolchain/bin/../lib/gcc/avr/4.6.2/avr4\libgcc.a(_clear_bss.o)
 .debug_line    0x00000876       0x9a d:/program files/atmel/atmel studio 6.0/extensions/atmel/avrgcc/3.4.0.65/avrtoolchain/bin/../lib/gcc/avr/4.6.2/avr4\libgcc.a(_udivmodhi4.o)

.debug_frame    0x00000000      0x688
 *(.debug_frame)
 .debug_frame   0x00000000       0xac adc.o
 .debug_frame   0x000000ac       0x34 but.o
 .debug_frame   0x000000e0       0xa4 drive.o
 .debug_frame   0x00000184       0x44 lamp.o
 .debug_frame   0x000001c8      0x27c network.o
 .debug_frame   0x00000444       0xcc sensors.o
 .debug_frame   0x00000510       0x9c timers.o
 .debug_frame   0x000005ac       0xdc zatvor.o

.debug_str      0x00000000      0xc98
 *(.debug_str)
 .debug_str     0x00000000      0x113 adc.o
                                0x14c (size before relaxing)
 .debug_str     0x00000113       0x7f but.o
                                0x110 (size before relaxing)
 .debug_str     0x00000192      0x1bd drive.o
                                0x27b (size before relaxing)
 .debug_str     0x0000034f       0x72 lamp.o
                                0x103 (size before relaxing)
 .debug_str     0x000003c1      0x4e6 network.o
                                0x5ba (size before relaxing)
 .debug_str     0x000008a7      0x1f6 sensors.o
                                0x2fd (size before relaxing)
 .debug_str     0x00000a9d       0x94 timers.o
                                0x13f (size before relaxing)
 .debug_str     0x00000b31      0x167 zatvor.o
                                0x297 (size before relaxing)

.debug_loc      0x00000000      0xa90
 *(.debug_loc)
 .debug_loc     0x00000000      0x176 adc.o
 .debug_loc     0x00000176      0x107 drive.o
 .debug_loc     0x0000027d      0x4d4 network.o
 .debug_loc     0x00000751       0x22 sensors.o
 .debug_loc     0x00000773      0x125 timers.o
 .debug_loc     0x00000898      0x1f8 zatvor.o

.debug_macinfo
 *(.debug_macinfo)
OUTPUT(zatvor.elf elf32-avr)
LOAD linker stubs
